// Jest Snapshot v1, https://goo.gl/fbAQLP

exports[`<Toolbar /> renders 1`] = `
<div
  className="d-flex justify-content-between flex-wrap flex-md-nowrap align-items-center pb-2 mb-3 border-bottom"
>
  <h1
    className="h2"
  >
    Dashboard
  </h1>
  <div
    className="btn-toolbar mb-2 mb-md-0"
  >
    <div
      className="btn-group mr-2"
    >
      <button
        className="btn btn-sm btn-outline-secondary"
      >
        <Share2
          className="feather"
          color="currentColor"
          size="24"
        />
        Share
      </button>
      <button
        className="btn btn-sm btn-outline-secondary"
      >
        <ExternalLink
          className="feather"
          color="currentColor"
          size="24"
        />
        Export
      </button>
    </div>
    <button
      className="btn btn-sm btn-outline-secondary dropdown-toggle"
    >
      <Calendar
        className="feather"
        color="currentColor"
        size="24"
      />
      This week
    </button>
  </div>
</div>
`;
